[0m16:11:56.262717 [debug] [MainThread]: Sending event: {'category': 'dbt', 'action': 'invocation', 'label': 'start', 'context': [<snowplow_tracker.self_describing_json.SelfDescribingJson object at 0x000002748623E3D0>, <snowplow_tracker.self_describing_json.SelfDescribingJson object at 0x000002748622B850>, <snowplow_tracker.self_describing_json.SelfDescribingJson object at 0x000002748622BC10>]}


============================== 16:11:56.416711 | 034ab140-20f1-4033-8258-62cbb56cbade ==============================
[0m16:11:56.416711 [info ] [MainThread]: Running with dbt=1.11.2
[0m16:11:56.418712 [debug] [MainThread]: running dbt with arguments {'version_check': 'True', 'no_print': 'None', 'static_parser': 'True', 'target_path': 'None', 'warn_error_options': 'WarnErrorOptionsV2(error=[], warn=[], silence=[])', 'printer_width': '80', 'write_json': 'True', 'empty': 'None', 'log_cache_events': 'False', 'introspect': 'True', 'cache_selected_only': 'False', 'log_format': 'default', 'debug': 'False', 'fail_fast': 'False', 'partial_parse': 'True', 'send_anonymous_usage_stats': 'True', 'quiet': 'False', 'warn_error': 'None', 'profiles_dir': 'C:\\Users\\phild\\.dbt', 'use_colors': 'True', 'indirect_selection': 'eager', 'invocation_command': 'dbt init', 'use_experimental_parser': 'False', 'log_path': 'logs'}
[0m16:11:57.682004 [info ] [MainThread]: Creating dbt configuration folder at C:\Users\phild\.dbt
[0m16:12:19.728212 [debug] [MainThread]: Starter project path: C:\Users\phild\Desktop\Data Engineering\dbt\dbt_tutorial_youtube\.venv\Lib\site-packages\dbt\include\starter_project
[0m16:12:19.918117 [info ] [MainThread]: 
Your new dbt project "phil_dbt_youtube" was created!

For more information on how to configure the profiles.yml file,
please consult the dbt documentation here:

  https://docs.getdbt.com/docs/configure-your-profile

One more thing:

Need help? Don't hesitate to reach out to us via GitHub issues or on Slack:

  https://community.getdbt.com/

Happy modeling!

[0m16:12:19.920188 [info ] [MainThread]: Setting up your profile.
[0m16:13:02.872245 [debug] [MainThread]: Spark adapter: Setting pyhive.hive logging to ERROR
[0m16:13:02.873234 [debug] [MainThread]: Spark adapter: Setting thrift.transport logging to ERROR
[0m16:13:02.875760 [debug] [MainThread]: Spark adapter: Setting thrift.protocol logging to ERROR
[0m16:17:14.307738 [info ] [MainThread]: Profile phil_dbt_youtube written to C:\Users\phild\.dbt\profiles.yml using target's profile_template.yml and your supplied values. Run 'dbt debug' to validate the connection.
[0m16:17:14.309752 [debug] [MainThread]: Command `dbt init` succeeded at 16:17:14.309752 after 318.18 seconds
[0m16:17:14.310752 [debug] [MainThread]: Sending event: {'category': 'dbt', 'action': 'invocation', 'label': 'end', 'context': [<snowplow_tracker.self_describing_json.SelfDescribingJson object at 0x0000027486258550>, <snowplow_tracker.self_describing_json.SelfDescribingJson object at 0x00000274A7EA1710>, <snowplow_tracker.self_describing_json.SelfDescribingJson object at 0x00000274FF4809D0>]}
[0m16:17:14.310752 [debug] [MainThread]: Flushing usage events
[0m16:17:15.805287 [debug] [MainThread]: An error was encountered while trying to flush usage events
[0m16:17:29.069926 [debug] [MainThread]: Sending event: {'category': 'dbt', 'action': 'invocation', 'label': 'start', 'context': [<snowplow_tracker.self_describing_json.SelfDescribingJson object at 0x0000020C2D3B0C90>, <snowplow_tracker.self_describing_json.SelfDescribingJson object at 0x0000020C30828E50>, <snowplow_tracker.self_describing_json.SelfDescribingJson object at 0x0000020C30829350>]}


============================== 16:17:29.074994 | 13c729a9-eb46-4247-96b4-a2ee02e552ab ==============================
[0m16:17:29.074994 [info ] [MainThread]: Running with dbt=1.11.2
[0m16:17:29.076556 [debug] [MainThread]: running dbt with arguments {'static_parser': 'True', 'no_print': 'None', 'version_check': 'True', 'target_path': 'None', 'warn_error_options': 'WarnErrorOptionsV2(error=[], warn=[], silence=[])', 'printer_width': '80', 'write_json': 'True', 'introspect': 'True', 'log_cache_events': 'False', 'empty': 'None', 'cache_selected_only': 'False', 'log_format': 'default', 'debug': 'False', 'fail_fast': 'False', 'profiles_dir': 'C:\\Users\\phild\\.dbt', 'send_anonymous_usage_stats': 'True', 'quiet': 'False', 'warn_error': 'None', 'partial_parse': 'True', 'indirect_selection': 'eager', 'invocation_command': 'dbt debug', 'use_colors': 'True', 'use_experimental_parser': 'False', 'log_path': 'logs'}
[0m16:17:29.150427 [info ] [MainThread]: dbt version: 1.11.2
[0m16:17:29.151426 [info ] [MainThread]: python version: 3.11.9
[0m16:17:29.152427 [info ] [MainThread]: python path: C:\Users\phild\Desktop\Data Engineering\dbt\dbt_tutorial_youtube\.venv\Scripts\python.exe
[0m16:17:29.153434 [info ] [MainThread]: os info: Windows-10-10.0.26200-SP0
[0m16:17:30.246463 [debug] [MainThread]: Spark adapter: Setting pyhive.hive logging to ERROR
[0m16:17:30.247567 [debug] [MainThread]: Spark adapter: Setting thrift.transport logging to ERROR
[0m16:17:30.248569 [debug] [MainThread]: Spark adapter: Setting thrift.protocol logging to ERROR
[0m16:17:31.117145 [info ] [MainThread]: Using profiles dir at C:\Users\phild\.dbt
[0m16:17:31.118139 [info ] [MainThread]: Using profiles.yml file at C:\Users\phild\.dbt\profiles.yml
[0m16:17:31.119138 [info ] [MainThread]: Using dbt_project.yml file at C:\Users\phild\Desktop\Data Engineering\dbt\dbt_tutorial_youtube\dbt_project.yml
[0m16:17:31.119138 [info ] [MainThread]: adapter type: databricks
[0m16:17:31.120138 [info ] [MainThread]: adapter version: 1.10.9
[0m16:17:31.120138 [info ] [MainThread]: Configuration:
[0m16:17:31.121138 [info ] [MainThread]:   profiles.yml file [[32mOK found and valid[0m]
[0m16:17:31.122140 [info ] [MainThread]:   dbt_project.yml file [[31mERROR not found[0m]
[0m16:17:31.123140 [info ] [MainThread]: Required dependencies:
[0m16:17:31.124139 [debug] [MainThread]: Executing "git --help"
[0m16:17:31.163676 [debug] [MainThread]: STDOUT: "b"usage: git [-v | --version] [-h | --help] [-C <path>] [-c <name>=<value>]\n           [--exec-path[=<path>]] [--html-path] [--man-path] [--info-path]\n           [-p | --paginate | -P | --no-pager] [--no-replace-objects] [--no-lazy-fetch]\n           [--no-optional-locks] [--no-advice] [--bare] [--git-dir=<path>]\n           [--work-tree=<path>] [--namespace=<name>] [--config-env=<name>=<envvar>]\n           <command> [<args>]\n\nThese are common Git commands used in various situations:\n\nstart a working area (see also: git help tutorial)\n   clone      Clone a repository into a new directory\n   init       Create an empty Git repository or reinitialize an existing one\n\nwork on the current change (see also: git help everyday)\n   add        Add file contents to the index\n   mv         Move or rename a file, a directory, or a symlink\n   restore    Restore working tree files\n   rm         Remove files from the working tree and from the index\n\nexamine the history and state (see also: git help revisions)\n   bisect     Use binary search to find the commit that introduced a bug\n   diff       Show changes between commits, commit and working tree, etc\n   grep       Print lines matching a pattern\n   log        Show commit logs\n   show       Show various types of objects\n   status     Show the working tree status\n\ngrow, mark and tweak your common history\n   backfill   Download missing objects in a partial clone\n   branch     List, create, or delete branches\n   commit     Record changes to the repository\n   merge      Join two or more development histories together\n   rebase     Reapply commits on top of another base tip\n   reset      Reset current HEAD to the specified state\n   switch     Switch branches\n   tag        Create, list, delete or verify a tag object signed with GPG\n\ncollaborate (see also: git help workflows)\n   fetch      Download objects and refs from another repository\n   pull       Fetch from and integrate with another repository or a local branch\n   push       Update remote refs along with associated objects\n\n'git help -a' and 'git help -g' list available subcommands and some\nconcept guides. See 'git help <command>' or 'git help <concept>'\nto read about a specific subcommand or concept.\nSee 'git help git' for an overview of the system.\n""
[0m16:17:31.163676 [debug] [MainThread]: STDERR: "b''"
[0m16:17:31.163676 [info ] [MainThread]:  - git [[32mOK found[0m]

[0m16:17:31.163676 [info ] [MainThread]: Connection:
[0m16:17:31.163676 [info ] [MainThread]:   host: dbc-6d6939de-4e7b.cloud.databricks.com
[0m16:17:31.163676 [info ] [MainThread]:   http_path: /sql/1.0/warehouses/dd563064492a7f65
[0m16:17:31.166545 [info ] [MainThread]:   catalog: dbt_tutorial_dev
[0m16:17:31.167708 [info ] [MainThread]:   schema: default
[0m16:17:31.167708 [info ] [MainThread]: Registered adapter: databricks=1.10.9
[0m16:17:31.874718 [debug] [MainThread]: Databricks adapter: DatabricksDBTConnection(session-id=None, name=debug) - Creating connection
[0m16:17:31.874718 [debug] [MainThread]: Acquiring new databricks connection 'debug'
[0m16:17:31.874718 [debug] [MainThread]: Using databricks connection "debug"
[0m16:17:31.876225 [debug] [MainThread]: On debug: select 1 as id
[0m16:17:31.876225 [debug] [MainThread]: Opening a new connection, currently in state init
[0m16:17:33.283528 [error] [MainThread]: databricks-sql-connector adapter: ThriftBackend.attempt_request: Exception: %s
[0m16:17:33.322513 [error] [MainThread]: Databricks adapter: Connection(session-id=Unknown) - Exception while trying to create connection: Error during request to server: : Invalid access token.. 
Error properties: attempt=1/30, bounded-retry-delay=None, elapsed-seconds=1.37711763381958/900.0, error-message=: Invalid access token., http-code=403, method=OpenSession, no-retry-reason=non-retryable error, original-exception=, query-id=None, session-id=None
[0m16:17:33.324514 [debug] [MainThread]: Databricks adapter: Exception while trying to execute query
select 1 as id
: Database Error
  Error during request to server: : Invalid access token.. 
[0m16:17:33.326511 [debug] [MainThread]: On debug: No close available on handle
[0m16:17:33.327739 [info ] [MainThread]:   Connection test: [[31mERROR[0m]

[0m16:17:33.329750 [info ] [MainThread]: [31m2 checks failed:[0m
[0m16:17:33.331942 [info ] [MainThread]: Project loading failed for the following reason:
 project path <C:\Users\phild\Desktop\Data Engineering\dbt\dbt_tutorial_youtube\dbt_project.yml> not found

[0m16:17:33.332939 [info ] [MainThread]: dbt was unable to connect to the specified database.
The database returned the following error:

  >Database Error
  Database Error
    Error during request to server: : Invalid access token.. 

Check your database credentials and try again. For more information, visit:
https://docs.getdbt.com/docs/configure-your-profile


[0m16:17:33.334954 [debug] [MainThread]: Command `dbt debug` failed at 16:17:33.334954 after 4.37 seconds
[0m16:17:33.334954 [debug] [MainThread]: Sending event: {'category': 'dbt', 'action': 'invocation', 'label': 'end', 'context': [<snowplow_tracker.self_describing_json.SelfDescribingJson object at 0x0000020C30AFFCD0>, <snowplow_tracker.self_describing_json.SelfDescribingJson object at 0x0000020C30A9D9D0>, <snowplow_tracker.self_describing_json.SelfDescribingJson object at 0x0000020C29D60D90>]}
[0m16:17:33.337481 [debug] [MainThread]: Flushing usage events
[0m16:17:34.852549 [debug] [MainThread]: An error was encountered while trying to flush usage events
[0m16:30:56.063116 [debug] [MainThread]: Sending event: {'category': 'dbt', 'action': 'invocation', 'label': 'start', 'context': [<snowplow_tracker.self_describing_json.SelfDescribingJson object at 0x00000222E2953A90>, <snowplow_tracker.self_describing_json.SelfDescribingJson object at 0x00000222E29539D0>, <snowplow_tracker.self_describing_json.SelfDescribingJson object at 0x00000222E2963810>]}


============================== 16:30:56.067682 | 3a406c15-dba7-471f-8a50-391ea4e3fbab ==============================
[0m16:30:56.067682 [info ] [MainThread]: Running with dbt=1.11.2
[0m16:30:56.068685 [debug] [MainThread]: running dbt with arguments {'version_check': 'True', 'no_print': 'None', 'static_parser': 'True', 'warn_error_options': 'WarnErrorOptionsV2(error=[], warn=[], silence=[])', 'target_path': 'None', 'printer_width': '80', 'write_json': 'True', 'introspect': 'True', 'log_cache_events': 'False', 'empty': 'None', 'cache_selected_only': 'False', 'log_format': 'default', 'debug': 'False', 'fail_fast': 'False', 'profiles_dir': 'C:\\Users\\phild\\.dbt', 'send_anonymous_usage_stats': 'True', 'quiet': 'False', 'warn_error': 'None', 'partial_parse': 'True', 'indirect_selection': 'eager', 'invocation_command': 'dbt debug', 'use_colors': 'True', 'use_experimental_parser': 'False', 'log_path': 'logs'}
[0m16:30:56.087979 [info ] [MainThread]: dbt version: 1.11.2
[0m16:30:56.089199 [info ] [MainThread]: python version: 3.11.9
[0m16:30:56.090219 [info ] [MainThread]: python path: C:\Users\phild\Desktop\Data Engineering\dbt\dbt_tutorial_youtube\.venv\Scripts\python.exe
[0m16:30:56.091200 [info ] [MainThread]: os info: Windows-10-10.0.26200-SP0
[0m16:30:56.917461 [debug] [MainThread]: Spark adapter: Setting pyhive.hive logging to ERROR
[0m16:30:56.917461 [debug] [MainThread]: Spark adapter: Setting thrift.transport logging to ERROR
[0m16:30:56.918460 [debug] [MainThread]: Spark adapter: Setting thrift.protocol logging to ERROR
[0m16:30:57.532176 [info ] [MainThread]: Using profiles dir at C:\Users\phild\.dbt
[0m16:30:57.532176 [info ] [MainThread]: Using profiles.yml file at C:\Users\phild\.dbt\profiles.yml
[0m16:30:57.533176 [info ] [MainThread]: Using dbt_project.yml file at C:\Users\phild\Desktop\Data Engineering\dbt\dbt_tutorial_youtube\dbt_project.yml
[0m16:30:57.533176 [info ] [MainThread]: adapter type: databricks
[0m16:30:57.534179 [info ] [MainThread]: adapter version: 1.10.9
[0m16:30:57.535178 [info ] [MainThread]: Configuration:
[0m16:30:57.535178 [info ] [MainThread]:   profiles.yml file [[32mOK found and valid[0m]
[0m16:30:57.535178 [info ] [MainThread]:   dbt_project.yml file [[31mERROR not found[0m]
[0m16:30:57.536177 [info ] [MainThread]: Required dependencies:
[0m16:30:57.536177 [debug] [MainThread]: Executing "git --help"
[0m16:30:57.622914 [debug] [MainThread]: STDOUT: "b"usage: git [-v | --version] [-h | --help] [-C <path>] [-c <name>=<value>]\n           [--exec-path[=<path>]] [--html-path] [--man-path] [--info-path]\n           [-p | --paginate | -P | --no-pager] [--no-replace-objects] [--no-lazy-fetch]\n           [--no-optional-locks] [--no-advice] [--bare] [--git-dir=<path>]\n           [--work-tree=<path>] [--namespace=<name>] [--config-env=<name>=<envvar>]\n           <command> [<args>]\n\nThese are common Git commands used in various situations:\n\nstart a working area (see also: git help tutorial)\n   clone      Clone a repository into a new directory\n   init       Create an empty Git repository or reinitialize an existing one\n\nwork on the current change (see also: git help everyday)\n   add        Add file contents to the index\n   mv         Move or rename a file, a directory, or a symlink\n   restore    Restore working tree files\n   rm         Remove files from the working tree and from the index\n\nexamine the history and state (see also: git help revisions)\n   bisect     Use binary search to find the commit that introduced a bug\n   diff       Show changes between commits, commit and working tree, etc\n   grep       Print lines matching a pattern\n   log        Show commit logs\n   show       Show various types of objects\n   status     Show the working tree status\n\ngrow, mark and tweak your common history\n   backfill   Download missing objects in a partial clone\n   branch     List, create, or delete branches\n   commit     Record changes to the repository\n   merge      Join two or more development histories together\n   rebase     Reapply commits on top of another base tip\n   reset      Reset current HEAD to the specified state\n   switch     Switch branches\n   tag        Create, list, delete or verify a tag object signed with GPG\n\ncollaborate (see also: git help workflows)\n   fetch      Download objects and refs from another repository\n   pull       Fetch from and integrate with another repository or a local branch\n   push       Update remote refs along with associated objects\n\n'git help -a' and 'git help -g' list available subcommands and some\nconcept guides. See 'git help <command>' or 'git help <concept>'\nto read about a specific subcommand or concept.\nSee 'git help git' for an overview of the system.\n""
[0m16:30:57.624914 [debug] [MainThread]: STDERR: "b''"
[0m16:30:57.625915 [info ] [MainThread]:  - git [[32mOK found[0m]

[0m16:30:57.627928 [info ] [MainThread]: Connection:
[0m16:30:57.628925 [info ] [MainThread]:   host: dbc-6d6939de-4e7b.cloud.databricks.com
[0m16:30:57.629924 [info ] [MainThread]:   http_path: /sql/1.0/warehouses/dd563064492a7f65
[0m16:30:57.630928 [info ] [MainThread]:   catalog: dbt_tutorial_dev
[0m16:30:57.632924 [info ] [MainThread]:   schema: default
[0m16:30:57.633933 [info ] [MainThread]: Registered adapter: databricks=1.10.9
[0m16:30:57.922664 [debug] [MainThread]: Databricks adapter: DatabricksDBTConnection(session-id=None, name=debug) - Creating connection
[0m16:30:57.922664 [debug] [MainThread]: Acquiring new databricks connection 'debug'
[0m16:30:57.923665 [debug] [MainThread]: Using databricks connection "debug"
[0m16:30:57.923665 [debug] [MainThread]: On debug: select 1 as id
[0m16:30:57.924665 [debug] [MainThread]: Opening a new connection, currently in state init
[0m16:30:59.209954 [error] [MainThread]: databricks-sql-connector adapter: ThriftBackend.attempt_request: Exception: %s
[0m16:30:59.237990 [error] [MainThread]: Databricks adapter: Connection(session-id=Unknown) - Exception while trying to create connection: Error during request to server: : Invalid access token.. 
Error properties: attempt=1/30, bounded-retry-delay=None, elapsed-seconds=1.2566416263580322/900.0, error-message=: Invalid access token., http-code=403, method=OpenSession, no-retry-reason=non-retryable error, original-exception=, query-id=None, session-id=None
[0m16:30:59.240351 [debug] [MainThread]: Databricks adapter: Exception while trying to execute query
select 1 as id
: Database Error
  Error during request to server: : Invalid access token.. 
[0m16:30:59.241356 [debug] [MainThread]: On debug: No close available on handle
[0m16:30:59.243352 [info ] [MainThread]:   Connection test: [[31mERROR[0m]

[0m16:30:59.245895 [info ] [MainThread]: [31m2 checks failed:[0m
[0m16:30:59.247902 [info ] [MainThread]: Project loading failed for the following reason:
 project path <C:\Users\phild\Desktop\Data Engineering\dbt\dbt_tutorial_youtube\dbt_project.yml> not found

[0m16:30:59.249895 [info ] [MainThread]: dbt was unable to connect to the specified database.
The database returned the following error:

  >Database Error
  Database Error
    Error during request to server: : Invalid access token.. 

Check your database credentials and try again. For more information, visit:
https://docs.getdbt.com/docs/configure-your-profile


[0m16:30:59.254898 [debug] [MainThread]: Command `dbt debug` failed at 16:30:59.253897 after 3.28 seconds
[0m16:30:59.256899 [debug] [MainThread]: Sending event: {'category': 'dbt', 'action': 'invocation', 'label': 'end', 'context': [<snowplow_tracker.self_describing_json.SelfDescribingJson object at 0x00000222E28EF990>, <snowplow_tracker.self_describing_json.SelfDescribingJson object at 0x00000222E28F1B90>, <snowplow_tracker.self_describing_json.SelfDescribingJson object at 0x00000222E1505A50>]}
[0m16:30:59.258306 [debug] [MainThread]: Flushing usage events
[0m16:31:00.846126 [debug] [MainThread]: An error was encountered while trying to flush usage events
[0m16:41:34.103709 [debug] [MainThread]: Sending event: {'category': 'dbt', 'action': 'invocation', 'label': 'start', 'context': [<snowplow_tracker.self_describing_json.SelfDescribingJson object at 0x00000201A813AA50>, <snowplow_tracker.self_describing_json.SelfDescribingJson object at 0x00000201A7E99010>, <snowplow_tracker.self_describing_json.SelfDescribingJson object at 0x00000201A815F6D0>]}


============================== 16:41:34.108008 | c6c9e3dd-17d6-4eeb-9f9b-53f2493f4a26 ==============================
[0m16:41:34.108008 [info ] [MainThread]: Running with dbt=1.11.2
[0m16:41:34.109010 [debug] [MainThread]: running dbt with arguments {'static_parser': 'True', 'no_print': 'None', 'version_check': 'True', 'target_path': 'None', 'warn_error_options': 'WarnErrorOptionsV2(error=[], warn=[], silence=[])', 'printer_width': '80', 'write_json': 'True', 'introspect': 'True', 'log_cache_events': 'False', 'empty': 'None', 'cache_selected_only': 'False', 'fail_fast': 'False', 'debug': 'False', 'log_format': 'default', 'profiles_dir': 'C:\\Users\\phild\\.dbt', 'send_anonymous_usage_stats': 'True', 'quiet': 'False', 'warn_error': 'None', 'partial_parse': 'True', 'invocation_command': 'dbt debug', 'indirect_selection': 'eager', 'use_colors': 'True', 'use_experimental_parser': 'False', 'log_path': 'logs'}
[0m16:41:34.124539 [info ] [MainThread]: dbt version: 1.11.2
[0m16:41:34.125539 [info ] [MainThread]: python version: 3.11.9
[0m16:41:34.125539 [info ] [MainThread]: python path: C:\Users\phild\Desktop\Data Engineering\dbt\dbt_tutorial_youtube\.venv\Scripts\python.exe
[0m16:41:34.126903 [info ] [MainThread]: os info: Windows-10-10.0.26200-SP0
[0m16:41:34.948388 [debug] [MainThread]: Spark adapter: Setting pyhive.hive logging to ERROR
[0m16:41:34.955858 [debug] [MainThread]: Spark adapter: Setting thrift.transport logging to ERROR
[0m16:41:34.956364 [debug] [MainThread]: Spark adapter: Setting thrift.protocol logging to ERROR
[0m16:41:35.640109 [info ] [MainThread]: Using profiles dir at C:\Users\phild\.dbt
[0m16:41:35.641107 [info ] [MainThread]: Using profiles.yml file at C:\Users\phild\.dbt\profiles.yml
[0m16:41:35.641107 [info ] [MainThread]: Using dbt_project.yml file at C:\Users\phild\Desktop\Data Engineering\dbt\dbt_tutorial_youtube\dbt_project.yml
[0m16:41:35.642615 [info ] [MainThread]: adapter type: databricks
[0m16:41:35.643628 [info ] [MainThread]: adapter version: 1.10.9
[0m16:41:35.643628 [info ] [MainThread]: Configuration:
[0m16:41:35.645083 [info ] [MainThread]:   profiles.yml file [[32mOK found and valid[0m]
[0m16:41:35.646094 [info ] [MainThread]:   dbt_project.yml file [[31mERROR not found[0m]
[0m16:41:35.647091 [info ] [MainThread]: Required dependencies:
[0m16:41:35.648093 [debug] [MainThread]: Executing "git --help"
[0m16:41:35.692372 [debug] [MainThread]: STDOUT: "b"usage: git [-v | --version] [-h | --help] [-C <path>] [-c <name>=<value>]\n           [--exec-path[=<path>]] [--html-path] [--man-path] [--info-path]\n           [-p | --paginate | -P | --no-pager] [--no-replace-objects] [--no-lazy-fetch]\n           [--no-optional-locks] [--no-advice] [--bare] [--git-dir=<path>]\n           [--work-tree=<path>] [--namespace=<name>] [--config-env=<name>=<envvar>]\n           <command> [<args>]\n\nThese are common Git commands used in various situations:\n\nstart a working area (see also: git help tutorial)\n   clone      Clone a repository into a new directory\n   init       Create an empty Git repository or reinitialize an existing one\n\nwork on the current change (see also: git help everyday)\n   add        Add file contents to the index\n   mv         Move or rename a file, a directory, or a symlink\n   restore    Restore working tree files\n   rm         Remove files from the working tree and from the index\n\nexamine the history and state (see also: git help revisions)\n   bisect     Use binary search to find the commit that introduced a bug\n   diff       Show changes between commits, commit and working tree, etc\n   grep       Print lines matching a pattern\n   log        Show commit logs\n   show       Show various types of objects\n   status     Show the working tree status\n\ngrow, mark and tweak your common history\n   backfill   Download missing objects in a partial clone\n   branch     List, create, or delete branches\n   commit     Record changes to the repository\n   merge      Join two or more development histories together\n   rebase     Reapply commits on top of another base tip\n   reset      Reset current HEAD to the specified state\n   switch     Switch branches\n   tag        Create, list, delete or verify a tag object signed with GPG\n\ncollaborate (see also: git help workflows)\n   fetch      Download objects and refs from another repository\n   pull       Fetch from and integrate with another repository or a local branch\n   push       Update remote refs along with associated objects\n\n'git help -a' and 'git help -g' list available subcommands and some\nconcept guides. See 'git help <command>' or 'git help <concept>'\nto read about a specific subcommand or concept.\nSee 'git help git' for an overview of the system.\n""
[0m16:41:35.693376 [debug] [MainThread]: STDERR: "b''"
[0m16:41:35.693376 [info ] [MainThread]:  - git [[32mOK found[0m]

[0m16:41:35.694372 [info ] [MainThread]: Connection:
[0m16:41:35.695370 [info ] [MainThread]:   host: dbc-6d6939de-4e7b.cloud.databricks.com
[0m16:41:35.695370 [info ] [MainThread]:   http_path: /sql/1.0/warehouses/dd563064492a7f65
[0m16:41:35.696371 [info ] [MainThread]:   catalog: dbt_tutorial_dev
[0m16:41:35.697370 [info ] [MainThread]:   schema: default
[0m16:41:35.697370 [info ] [MainThread]: Registered adapter: databricks=1.10.9
[0m16:41:36.024986 [debug] [MainThread]: Databricks adapter: DatabricksDBTConnection(session-id=None, name=debug) - Creating connection
[0m16:41:36.024986 [debug] [MainThread]: Acquiring new databricks connection 'debug'
[0m16:41:36.025971 [debug] [MainThread]: Using databricks connection "debug"
[0m16:41:36.025971 [debug] [MainThread]: On debug: select 1 as id
[0m16:41:36.025971 [debug] [MainThread]: Opening a new connection, currently in state init
[0m16:41:39.011838 [debug] [MainThread]: Databricks adapter: Connection(session-id=01f0e479-0abb-1569-a90b-23cbf97a7e29) - Created
[0m16:41:54.164411 [debug] [MainThread]: SQL status: OK in 18.140 seconds
[0m16:41:54.165413 [debug] [MainThread]: Databricks adapter: Cursor(session-id=01f0e479-0abb-1569-a90b-23cbf97a7e29, command-id=01f0e479-0bd3-1412-b8b3-285624a821f2) - Closing
[0m16:41:54.572662 [debug] [MainThread]: On debug: Close
[0m16:41:54.573662 [debug] [MainThread]: Databricks adapter: Connection(session-id=01f0e479-0abb-1569-a90b-23cbf97a7e29) - Closing
[0m16:41:54.892561 [info ] [MainThread]:   Connection test: [[32mOK connection ok[0m]

[0m16:41:54.893540 [info ] [MainThread]: [31m1 check failed:[0m
[0m16:41:54.895545 [info ] [MainThread]: Project loading failed for the following reason:
 project path <C:\Users\phild\Desktop\Data Engineering\dbt\dbt_tutorial_youtube\dbt_project.yml> not found

[0m16:41:54.897548 [debug] [MainThread]: Command `dbt debug` failed at 16:41:54.896547 after 20.88 seconds
[0m16:41:54.898542 [debug] [MainThread]: Sending event: {'category': 'dbt', 'action': 'invocation', 'label': 'end', 'context': [<snowplow_tracker.self_describing_json.SelfDescribingJson object at 0x00000201A815FB50>, <snowplow_tracker.self_describing_json.SelfDescribingJson object at 0x00000201A13B0D90>, <snowplow_tracker.self_describing_json.SelfDescribingJson object at 0x00000201A7E99110>]}
[0m16:41:54.899566 [debug] [MainThread]: Flushing usage events
[0m16:41:56.416198 [debug] [MainThread]: An error was encountered while trying to flush usage events
